export XRT_HACK_UNSECURE_LOADING_XCLBIN=1 && \
 ./matrix_vector.exe -x build/final_4096x2048x1.xclbin -i build/insts_4096x2048x1.txt -k MLIR_AIE -M 4096 -K 2048 -N 1 -v 2 --warmup 1 --iters 1
Matrix size 4096x2048x1
Sequence instr count: 3236
Loading xclbin: build/final_4096x2048x1.xclbin
Kernel opcode: MLIR_AIE
Name: MLIR_AIE
Registering xclbin: build/final_4096x2048x1.xclbin
Getting hardware context.
Getting handle to kernel:MLIR_AIE
Writing data into buffer objects.
DTYPE_IN  = int16_t
DTYPE_OUT = int16_t
Verification tolerance 0 absolute, 0 relative.
A = 
   13457    -28205    -19666      -205     27690   ...   -20578      4098    -23419     -7351    -10163  
    5010    -22765    -18207     13956    -18539   ...     9403    -21376    -24766     23857     21679  
  -28747    -14421      8350     25515     20987   ...    22623      7961    -20902     -8833     -9951  
   10422      7551     13156    -16341     32222   ...   -19013     -9651    -16592     23388     19710  
   19875     27255    -32144    -31314    -10181   ...     -138      9353    -16851        47     13122  
    ...       ...       ...       ...       ...    ...     ...       ...       ...       ...       ...   
  -19514     31269    -28520     29382     30980   ...      466    -17923     18733     18902     25688  
   25390     21464      2196     24060     29213   ...    -4419    -25499    -29545     21685     17180  
  -13760    -14474     13170     18359      3009   ...    11387    -15361    -24156     31546    -27547  
   -4254      3877     31052    -14652     12866   ...    11472     16630    -15757    -11840    -17315  
   -7303    -27136     21566     21191     -2287   ...    -3656    -19692     -7147     16850     -1886  
B = 
    6989  
  -18449  
     925  
  -14449  
   15210  
    ...   
   26154  
  -28453  
   -9338  
   30630  
  -27221  
Running Kernel (iteration 0).
Running Kernel (iteration 1).
Verifying against reference matmul ...
Verify time: 0.00 s.

Avg NPU matmul time: 2155.00us.
Avg NPU gflops: 7.79

Min NPU matmul time: 2155.00us.
Max NPU gflops: 7.79

Max NPU matmul time: 2155.00us.
Min NPU gflops: 7.79

PASS!

